border-tt align-left,border-tt align-center,border-tt align-right
border-t align-left,border-t align-center,border-t align-right
align-left,align-center,align-right
border-t align-left,border-t align-center,border-t align-right
border-bb align-left,border-bb align-center,border-bb align-right
