[{"filename": "table_01.csv", "layout": "layout_01.csv", "caption": "Table 1: A table.", "figure_id": "S3.T1"}, {"filename": "table_02.csv", "layout": "layout_02.csv", "caption": "Table 2: A table.", "figure_id": "S3.T2"}]