<bold>bold text</bold>,<italic>italic text</italic>,<italic><bold>bold italic text</bold></italic>
<red>red text</red>,<green>green text</green>,<blue>blue text</blue>
<bold>5.4%</bold>,<italic>3.8%</italic>,<bold>11.2</bold>Â±0.15
<bold>an <italic>italic</italic> text inside bold</bold>,<red><bold>bold red</bold></red>,
