{"title":"DILBERT: Distilling Inner Latent BERT variables","authors":"John Doe","abstract":"In this paper we achieve state-of-the-art performance in random number generation.","fragments":[{"paper_id":"paper","order":1000,"header":"xxanchor-S1 1 Introduction","text":""},{"paper_id":"paper","order":2000,"header":"xxanchor-S2 2 Model","text":""},{"paper_id":"paper","order":3000,"header":"xxanchor-S2SS1 2.1 Preprocessing","text":""},{"paper_id":"paper","order":4000,"header":"xxanchor-S2SS2 2.2 Architecture","text":""},{"paper_id":"paper","order":5000,"header":"xxanchor-S3 3 Experiments","text":"In this section we present Table xxref-S3T1."},{"paper_id":"paper","order":5001,"header":"xxanchor-S3 3 Experiments","text":"xxtable-xxanchor-S3T1 Table 1: A table."},{"paper_id":"paper","order":5002,"header":"xxanchor-S3 3 Experiments","text":"xxtable-xxanchor-S3T2 Table 2: A table."}]}